memory[0]=29360128
memory[1]=8454154
memory[2]=8519691
memory[3]=8585228
memory[4]=655362
memory[5]=720897
memory[6]=16842753
memory[7]=16842748
memory[8]=12713995
memory[9]=25165824
memory[10]=10
memory[11]=0
memory[12]=-1

@@@
state:
	pc 0
	memory:
		mem[ 0 ] 29360128
		mem[ 1 ] 8454154
		mem[ 2 ] 8519691
		mem[ 3 ] 8585228
		mem[ 4 ] 655362
		mem[ 5 ] 720897
		mem[ 6 ] 16842753
		mem[ 7 ] 16842748
		mem[ 8 ] 12713995
		mem[ 9 ] 25165824
		mem[ 10 ] 10
		mem[ 11 ] 0
		mem[ 12 ] -1
	registers:
		reg[ 0 ] 0
		reg[ 1 ] 0
		reg[ 2 ] 0
		reg[ 3 ] 0
		reg[ 4 ] 0
		reg[ 5 ] 0
		reg[ 6 ] 0
		reg[ 7 ] 0
end state

@@@
state:
	pc 1
	memory:
		mem[ 0 ] 29360128
		mem[ 1 ] 8454154
		mem[ 2 ] 8519691
		mem[ 3 ] 8585228
		mem[ 4 ] 655362
		mem[ 5 ] 720897
		mem[ 6 ] 16842753
		mem[ 7 ] 16842748
		mem[ 8 ] 12713995
		mem[ 9 ] 25165824
		mem[ 10 ] 10
		mem[ 11 ] 0
		mem[ 12 ] -1
	registers:
		reg[ 0 ] 0
		reg[ 1 ] 0
		reg[ 2 ] 0
		reg[ 3 ] 0
		reg[ 4 ] 0
		reg[ 5 ] 0
		reg[ 6 ] 0
		reg[ 7 ] 0
end state

@@@
state:
	pc 2
	memory:
		mem[ 0 ] 29360128
		mem[ 1 ] 8454154
		mem[ 2 ] 8519691
		mem[ 3 ] 8585228
		mem[ 4 ] 655362
		mem[ 5 ] 720897
		mem[ 6 ] 16842753
		mem[ 7 ] 16842748
		mem[ 8 ] 12713995
		mem[ 9 ] 25165824
		mem[ 10 ] 10
		mem[ 11 ] 0
		mem[ 12 ] -1
	registers:
		reg[ 0 ] 0
		reg[ 1 ] 10
		reg[ 2 ] 0
		reg[ 3 ] 0
		reg[ 4 ] 0
		reg[ 5 ] 0
		reg[ 6 ] 0
		reg[ 7 ] 0
end state

@@@
state:
	pc 3
	memory:
		mem[ 0 ] 29360128
		mem[ 1 ] 8454154
		mem[ 2 ] 8519691
		mem[ 3 ] 8585228
		mem[ 4 ] 655362
		mem[ 5 ] 720897
		mem[ 6 ] 16842753
		mem[ 7 ] 16842748
		mem[ 8 ] 12713995
		mem[ 9 ] 25165824
		mem[ 10 ] 10
		mem[ 11 ] 0
		mem[ 12 ] -1
	registers:
		reg[ 0 ] 0
		reg[ 1 ] 10
		reg[ 2 ] 0
		reg[ 3 ] 0
		reg[ 4 ] 0
		reg[ 5 ] 0
		reg[ 6 ] 0
		reg[ 7 ] 0
end state

@@@
state:
	pc 4
	memory:
		mem[ 0 ] 29360128
		mem[ 1 ] 8454154
		mem[ 2 ] 8519691
		mem[ 3 ] 8585228
		mem[ 4 ] 655362
		mem[ 5 ] 720897
		mem[ 6 ] 16842753
		mem[ 7 ] 16842748
		mem[ 8 ] 12713995
		mem[ 9 ] 25165824
		mem[ 10 ] 10
		mem[ 11 ] 0
		mem[ 12 ] -1
	registers:
		reg[ 0 ] 0
		reg[ 1 ] 10
		reg[ 2 ] 0
		reg[ 3 ] -1
		reg[ 4 ] 0
		reg[ 5 ] 0
		reg[ 6 ] 0
		reg[ 7 ] 0
end state

@@@
state:
	pc 5
	memory:
		mem[ 0 ] 29360128
		mem[ 1 ] 8454154
		mem[ 2 ] 8519691
		mem[ 3 ] 8585228
		mem[ 4 ] 655362
		mem[ 5 ] 720897
		mem[ 6 ] 16842753
		mem[ 7 ] 16842748
		mem[ 8 ] 12713995
		mem[ 9 ] 25165824
		mem[ 10 ] 10
		mem[ 11 ] 0
		mem[ 12 ] -1
	registers:
		reg[ 0 ] 0
		reg[ 1 ] 10
		reg[ 2 ] 10
		reg[ 3 ] -1
		reg[ 4 ] 0
		reg[ 5 ] 0
		reg[ 6 ] 0
		reg[ 7 ] 0
end state

@@@
state:
	pc 6
	memory:
		mem[ 0 ] 29360128
		mem[ 1 ] 8454154
		mem[ 2 ] 8519691
		mem[ 3 ] 8585228
		mem[ 4 ] 655362
		mem[ 5 ] 720897
		mem[ 6 ] 16842753
		mem[ 7 ] 16842748
		mem[ 8 ] 12713995
		mem[ 9 ] 25165824
		mem[ 10 ] 10
		mem[ 11 ] 0
		mem[ 12 ] -1
	registers:
		reg[ 0 ] 0
		reg[ 1 ] 9
		reg[ 2 ] 10
		reg[ 3 ] -1
		reg[ 4 ] 0
		reg[ 5 ] 0
		reg[ 6 ] 0
		reg[ 7 ] 0
end state

@@@
state:
	pc 7
	memory:
		mem[ 0 ] 29360128
		mem[ 1 ] 8454154
		mem[ 2 ] 8519691
		mem[ 3 ] 8585228
		mem[ 4 ] 655362
		mem[ 5 ] 720897
		mem[ 6 ] 16842753
		mem[ 7 ] 16842748
		mem[ 8 ] 12713995
		mem[ 9 ] 25165824
		mem[ 10 ] 10
		mem[ 11 ] 0
		mem[ 12 ] -1
	registers:
		reg[ 0 ] 0
		reg[ 1 ] 9
		reg[ 2 ] 10
		reg[ 3 ] -1
		reg[ 4 ] 0
		reg[ 5 ] 0
		reg[ 6 ] 0
		reg[ 7 ] 0
end state
Invalid address
